2026-08-24 00:53:48.120: [INFO] CurrentProfilePath: D:\Lecture\Web-workspace\.metadata\.plugins\org.eclipse.swt\EBWebView\Default
2026-08-24 00:53:48.120: [INFO] Profiles total count: 1
2026-08-24 00:53:48.120: [INFO] Profile: name=프로필 1 path=D:\Lecture\Web-workspace\.metadata\.plugins\org.eclipse.swt\EBWebView\Default lastActive=null
2026-08-24 00:53:48.120: [INFO] LastUsedProfileDir: D:\Lecture\Web-workspace\.metadata\.plugins\org.eclipse.swt\EBWebView\Default
2026-08-24 00:53:48.120: [INFO] OnDoneLoading sync enabled: 0
2026-08-24 00:53:48.120: [INFO] BookmarkModelLoaded, ids_reassigned: 0
2026-08-24 00:53:48.120: [INFO] BookmarksLoadDropped droppedNodes=0
2026-08-24 00:53:48.120: [INFO] BookmarksSnapshot Startup total=0 bar=0 other=0 mobile=0 showBar=0 showBarNTP=1
2026-08-24 00:54:07.027: [INFO] BookmarksSnapshot Shutdown total=0 bar=0 other=0 mobile=0 showBar=0 showBarNTP=1
2026-08-24 00:54:34.235: [INFO] CurrentProfilePath: D:\Lecture\Web-workspace\.metadata\.plugins\org.eclipse.swt\EBWebView\Default
2026-08-24 00:54:34.235: [INFO] Profiles total count: 1
2026-08-24 00:54:34.235: [INFO] Profile: name=프로필 1 path=D:\Lecture\Web-workspace\.metadata\.plugins\org.eclipse.swt\EBWebView\Default lastActive=2026-08-24T00:54:06.656Z
2026-08-24 00:54:34.235: [INFO] LastUsedProfileDir: D:\Lecture\Web-workspace\.metadata\.plugins\org.eclipse.swt\EBWebView\Default
2026-08-24 00:54:34.235: [INFO] MostRecentlyActiveProfile: name=프로필 1 path=D:\Lecture\Web-workspace\.metadata\.plugins\org.eclipse.swt\EBWebView\Default lastActive=2026-08-24T00:54:06.656Z
2026-08-24 00:54:34.235: [INFO] OnDoneLoading sync enabled: 0
2026-08-24 00:54:34.235: [INFO] BookmarkModelLoaded, ids_reassigned: 0
2026-08-24 00:54:34.235: [INFO] BookmarksLoadDropped droppedNodes=0
2026-08-24 00:54:34.235: [INFO] BookmarksSnapshot Startup total=0 bar=0 other=0 mobile=0 showBar=0 showBarNTP=1
2026-08-24 01:16:38.941: [INFO] BookmarksSnapshot Shutdown total=0 bar=0 other=0 mobile=0 showBar=0 showBarNTP=1
2026-08-24 01:17:25.323: [INFO] CurrentProfilePath: D:\Lecture\Web-workspace\.metadata\.plugins\org.eclipse.swt\EBWebView\Default
2026-08-24 01:17:25.323: [INFO] Profiles total count: 1
2026-08-24 01:17:25.323: [INFO] Profile: name=프로필 1 path=D:\Lecture\Web-workspace\.metadata\.plugins\org.eclipse.swt\EBWebView\Default lastActive=2026-08-24T00:54:06.656Z
2026-08-24 01:17:25.323: [INFO] LastUsedProfileDir: D:\Lecture\Web-workspace\.metadata\.plugins\org.eclipse.swt\EBWebView\Default
2026-08-24 01:17:25.323: [INFO] MostRecentlyActiveProfile: name=프로필 1 path=D:\Lecture\Web-workspace\.metadata\.plugins\org.eclipse.swt\EBWebView\Default lastActive=2026-08-24T00:54:06.656Z
2026-08-24 01:17:25.323: [INFO] OnDoneLoading sync enabled: 0
2026-08-24 01:17:25.323: [INFO] BookmarkModelLoaded, ids_reassigned: 0
2026-08-24 01:17:25.323: [INFO] BookmarksLoadDropped droppedNodes=0
2026-08-24 01:17:25.323: [INFO] BookmarksSnapshot Startup total=0 bar=0 other=0 mobile=0 showBar=0 showBarNTP=1
2026-08-24 01:18:17.499: [INFO] BookmarksSnapshot Shutdown total=0 bar=0 other=0 mobile=0 showBar=0 showBarNTP=1
2026-08-24 01:34:19.993: [INFO] CurrentProfilePath: D:\Lecture\Web-workspace\.metadata\.plugins\org.eclipse.swt\EBWebView\Default
2026-08-24 01:34:19.993: [INFO] Profiles total count: 1
2026-08-24 01:34:19.993: [INFO] Profile: name=프로필 1 path=D:\Lecture\Web-workspace\.metadata\.plugins\org.eclipse.swt\EBWebView\Default lastActive=2026-08-24T01:18:16.310Z
2026-08-24 01:34:19.993: [INFO] LastUsedProfileDir: D:\Lecture\Web-workspace\.metadata\.plugins\org.eclipse.swt\EBWebView\Default
2026-08-24 01:34:19.993: [INFO] MostRecentlyActiveProfile: name=프로필 1 path=D:\Lecture\Web-workspace\.metadata\.plugins\org.eclipse.swt\EBWebView\Default lastActive=2026-08-24T01:18:16.310Z
2026-08-24 01:34:19.993: [INFO] OnDoneLoading sync enabled: 0
2026-08-24 01:34:19.993: [INFO] BookmarkModelLoaded, ids_reassigned: 0
2026-08-24 01:34:19.993: [INFO] BookmarksLoadDropped droppedNodes=0
2026-08-24 01:34:19.993: [INFO] BookmarksSnapshot Startup total=0 bar=0 other=0 mobile=0 showBar=0 showBarNTP=1
2026-08-24 01:34:29.095: [INFO] BookmarksSnapshot Shutdown total=0 bar=0 other=0 mobile=0 showBar=0 showBarNTP=1
2026-08-24 02:02:40.487: [INFO] CurrentProfilePath: D:\Lecture\Web-workspace\.metadata\.plugins\org.eclipse.swt\EBWebView\Default
2026-08-24 02:02:40.487: [INFO] Profiles total count: 1
2026-08-24 02:02:40.487: [INFO] Profile: name=프로필 1 path=D:\Lecture\Web-workspace\.metadata\.plugins\org.eclipse.swt\EBWebView\Default lastActive=2026-08-24T01:34:28.405Z
2026-08-24 02:02:40.487: [INFO] LastUsedProfileDir: D:\Lecture\Web-workspace\.metadata\.plugins\org.eclipse.swt\EBWebView\Default
2026-08-24 02:02:40.488: [INFO] MostRecentlyActiveProfile: name=프로필 1 path=D:\Lecture\Web-workspace\.metadata\.plugins\org.eclipse.swt\EBWebView\Default lastActive=2026-08-24T01:34:28.405Z
2026-08-24 02:02:40.488: [INFO] OnDoneLoading sync enabled: 0
2026-08-24 02:02:40.488: [INFO] BookmarkModelLoaded, ids_reassigned: 0
2026-08-24 02:02:40.488: [INFO] BookmarksLoadDropped droppedNodes=0
2026-08-24 02:02:40.488: [INFO] BookmarksSnapshot Startup total=0 bar=0 other=0 mobile=0 showBar=0 showBarNTP=1
2026-08-24 02:02:40.543: [INFO] BookmarksSnapshot Shutdown total=0 bar=0 other=0 mobile=0 showBar=0 showBarNTP=1
2026-08-24 02:18:55.350: [INFO] CurrentProfilePath: D:\Lecture\Web-workspace\.metadata\.plugins\org.eclipse.swt\EBWebView\Default
2026-08-24 02:18:55.350: [INFO] Profiles total count: 1
2026-08-24 02:18:55.351: [INFO] Profile: name=프로필 1 path=D:\Lecture\Web-workspace\.metadata\.plugins\org.eclipse.swt\EBWebView\Default lastActive=2026-08-24T01:34:28.405Z
2026-08-24 02:18:55.351: [INFO] LastUsedProfileDir: D:\Lecture\Web-workspace\.metadata\.plugins\org.eclipse.swt\EBWebView\Default
2026-08-24 02:18:55.351: [INFO] MostRecentlyActiveProfile: name=프로필 1 path=D:\Lecture\Web-workspace\.metadata\.plugins\org.eclipse.swt\EBWebView\Default lastActive=2026-08-24T01:34:28.405Z
2026-08-24 02:18:55.351: [INFO] OnDoneLoading sync enabled: 0
2026-08-24 02:18:55.351: [INFO] BookmarkModelLoaded, ids_reassigned: 0
2026-08-24 02:18:55.351: [INFO] BookmarksLoadDropped droppedNodes=0
2026-08-24 02:18:55.351: [INFO] BookmarksSnapshot Startup total=0 bar=0 other=0 mobile=0 showBar=0 showBarNTP=1
2026-08-24 03:50:31.456: [INFO] BookmarksSnapshot Shutdown total=0 bar=0 other=0 mobile=0 showBar=0 showBarNTP=1
2026-08-31 00:14:53.380: [INFO] CurrentProfilePath: D:\Lecture\Web-workspace\.metadata\.plugins\org.eclipse.swt\EBWebView\Default
2026-08-31 00:14:53.380: [INFO] Profiles total count: 1
2026-08-31 00:14:53.380: [INFO] Profile: name=프로필 1 path=D:\Lecture\Web-workspace\.metadata\.plugins\org.eclipse.swt\EBWebView\Default lastActive=2026-08-24T01:34:28.405Z
2026-08-31 00:14:53.380: [INFO] LastUsedProfileDir: D:\Lecture\Web-workspace\.metadata\.plugins\org.eclipse.swt\EBWebView\Default
2026-08-31 00:14:53.380: [INFO] MostRecentlyActiveProfile: name=프로필 1 path=D:\Lecture\Web-workspace\.metadata\.plugins\org.eclipse.swt\EBWebView\Default lastActive=2026-08-24T01:34:28.405Z
2026-08-31 00:14:53.380: [INFO] OnDoneLoading sync enabled: 0
2026-08-31 00:14:53.380: [INFO] BookmarkModelLoaded, ids_reassigned: 0
2026-08-31 00:14:53.380: [INFO] BookmarksLoadDropped droppedNodes=0
2026-08-31 00:14:53.380: [INFO] BookmarksSnapshot Startup total=0 bar=0 other=0 mobile=0 showBar=0 showBarNTP=1
2026-08-31 02:46:34.309: [INFO] BookmarksSnapshot Shutdown total=0 bar=0 other=0 mobile=0 showBar=0 showBarNTP=1
2026-09-02 09:19:38.570: [INFO] CurrentProfilePath: D:\Lecture\Web-workspace\.metadata\.plugins\org.eclipse.swt\EBWebView\Default
2026-09-02 09:19:38.570: [INFO] Profiles total count: 1
2026-09-02 09:19:38.570: [INFO] Profile: name=프로필 1 path=D:\Lecture\Web-workspace\.metadata\.plugins\org.eclipse.swt\EBWebView\Default lastActive=2026-08-31T00:15:52.738Z
2026-09-02 09:19:38.570: [INFO] LastUsedProfileDir: D:\Lecture\Web-workspace\.metadata\.plugins\org.eclipse.swt\EBWebView\Default
2026-09-02 09:19:38.570: [INFO] MostRecentlyActiveProfile: name=프로필 1 path=D:\Lecture\Web-workspace\.metadata\.plugins\org.eclipse.swt\EBWebView\Default lastActive=2026-08-31T00:15:52.738Z
2026-09-02 09:19:38.570: [INFO] OnDoneLoading sync enabled: 0
2026-09-02 09:19:38.570: [INFO] BookmarkModelLoaded, ids_reassigned: 0
2026-09-02 09:19:38.570: [INFO] BookmarksLoadDropped droppedNodes=0
2026-09-02 09:19:38.570: [INFO] BookmarksSnapshot Startup total=0 bar=0 other=0 mobile=0 showBar=0 showBarNTP=1
2026-09-02 09:52:48.192: [INFO] BookmarksSnapshot Shutdown total=0 bar=0 other=0 mobile=0 showBar=0 showBarNTP=1
2026-09-07 00:22:08.721: [INFO] CurrentProfilePath: D:\Lecture\Web-workspace\.metadata\.plugins\org.eclipse.swt\EBWebView\Default
2026-09-07 00:22:08.721: [INFO] Profiles total count: 1
2026-09-07 00:22:08.721: [INFO] Profile: name=프로필 1 path=D:\Lecture\Web-workspace\.metadata\.plugins\org.eclipse.swt\EBWebView\Default lastActive=2026-08-31T00:15:52.738Z
2026-09-07 00:22:08.721: [INFO] LastUsedProfileDir: D:\Lecture\Web-workspace\.metadata\.plugins\org.eclipse.swt\EBWebView\Default
2026-09-07 00:22:08.721: [INFO] MostRecentlyActiveProfile: name=프로필 1 path=D:\Lecture\Web-workspace\.metadata\.plugins\org.eclipse.swt\EBWebView\Default lastActive=2026-08-31T00:15:52.738Z
2026-09-07 00:22:08.721: [INFO] OnDoneLoading sync enabled: 0
2026-09-07 00:22:08.721: [INFO] BookmarkModelLoaded, ids_reassigned: 0
2026-09-07 00:22:08.721: [INFO] BookmarksLoadDropped droppedNodes=0
2026-09-07 00:22:08.721: [INFO] BookmarksSnapshot Startup total=0 bar=0 other=0 mobile=0 showBar=0 showBarNTP=1
2026-09-07 03:55:06.968: [INFO] BookmarksSnapshot Shutdown total=0 bar=0 other=0 mobile=0 showBar=0 showBarNTP=1
